// Jest Snapshot v1, https://goo.gl/fbAQLP

exports[`renders correctly 1`] = `
<Text
  style={
    [
      {
        "color": "#000000",
        "fontFamily": "Arial",
        "fontSize": 14,
      },
      undefined,
    ]
  }
>
  Teste
</Text>
`;
