// Jest Snapshot v1, https://goo.gl/fbAQLP

exports[`renders correctly 1`] = `
<View
  accessibilityState={
    {
      "busy": undefined,
      "checked": undefined,
      "disabled": undefined,
      "expanded": undefined,
      "selected": undefined,
    }
  }
  accessibilityValue={
    {
      "max": undefined,
      "min": undefined,
      "now": undefined,
      "text": undefined,
    }
  }
  accessible={true}
  collapsable={false}
  focusable={true}
  onClick={[Function]}
  onResponderGrant={[Function]}
  onResponderMove={[Function]}
  onResponderRelease={[Function]}
  onResponderTerminate={[Function]}
  onResponderTerminationRequest={[Function]}
  onStartShouldSetResponder={[Function]}
  style={
    {
      "alignItems": "center",
      "backgroundColor": "#440A8E",
      "borderRadius": 15,
      "display": "flex",
      "flexDirection": "row",
      "gap": 12,
      "justifyContent": "center",
      "opacity": 1,
      "padding": 10,
    }
  }
>
  <Text
    style={
      [
        {
          "color": "#000000",
          "fontFamily": "Arial",
          "fontSize": 14,
        },
        {
          "color": "#ecf0f1",
          "fontSize": 16,
        },
      ]
    }
  >
    Teste
  </Text>
  <mock-fontawesome-icon
    icon={
      {
        "icon": [
          512,
          512,
          [
            128153,
            128154,
            128155,
            128156,
            128420,
            129293,
            129294,
            129505,
            9829,
            10084,
            61578,
          ],
          "f004",
          "M47.6 300.4L228.3 469.1c7.5 7 17.4 10.9 27.7 10.9s20.2-3.9 27.7-10.9L464.4 300.4c30.4-28.3 47.6-68 47.6-109.5v-5.8c0-69.9-50.5-129.5-119.4-141C347 36.5 300.6 51.4 268 84L256 96 244 84c-32.6-32.6-79-47.5-124.6-39.9C50.5 55.6 0 115.2 0 185.1v5.8c0 41.5 17.2 81.2 47.6 109.5z",
        ],
        "iconName": "heart",
        "prefix": "fas",
      }
    }
    size={35}
    style={
      {
        "color": "#ecf0f1",
        "fontSize": 18,
      }
    }
  />
</View>
`;
